#-----------------------------------------------------------
# Vivado v2017.4 (64-bit)
# SW Build 2086221 on Fri Dec 15 20:55:39 MST 2017
# IP Build 2085800 on Fri Dec 15 22:25:07 MST 2017
# Start of session at: Thu Jun 18 11:04:14 2026
# Process ID: 9608
# Current directory: C:/Users/Lenovo/Desktop/zynq7020-image-processing/sobel_03_uart_hdmi
# Command line: vivado.exe -gui_launcher_event rodinguilauncherevent10368 C:\Users\Lenovo\Desktop\zynq7020-image-processing\sobel_03_uart_hdmi\sobel_03_uart_hdmi.xpr
# Log file: C:/Users/Lenovo/Desktop/zynq7020-image-processing/sobel_03_uart_hdmi/vivado.log
# Journal file: C:/Users/Lenovo/Desktop/zynq7020-image-processing/sobel_03_uart_hdmi\vivado.jou
#-----------------------------------------------------------
start_gui
open_project C:/Users/Lenovo/Desktop/zynq7020-image-processing/sobel_03_uart_hdmi/sobel_03_uart_hdmi.xpr
update_compile_order -fileset sources_1
launch_sdk -workspace C:/Users/Lenovo/Desktop/zynq7020-image-processing/sobel_03_uart_hdmi/sobel_03_uart_hdmi.sdk -hwspec C:/Users/Lenovo/Desktop/zynq7020-image-processing/sobel_03_uart_hdmi/sobel_03_uart_hdmi.sdk/top.hdf
open_hw
connect_hw_server
open_hw_target
set_property PROGRAM.FILE {C:/Users/Lenovo/Desktop/zynq7020-image-processing/sobel_03_uart_hdmi/sobel_03_uart_hdmi.runs/impl_1/top.bit} [get_hw_devices xc7z020_1]
current_hw_device [get_hw_devices xc7z020_1]
refresh_hw_device -update_hw_probes false [lindex [get_hw_devices xc7z020_1] 0]
set_property PROBES.FILE {} [get_hw_devices xc7z020_1]
set_property FULL_PROBES.FILE {} [get_hw_devices xc7z020_1]
set_property PROGRAM.FILE {C:/Users/Lenovo/Desktop/zynq7020-image-processing/sobel_03_uart_hdmi/sobel_03_uart_hdmi.runs/impl_1/top.bit} [get_hw_devices xc7z020_1]
program_hw_devices [get_hw_devices xc7z020_1]
refresh_hw_device [lindex [get_hw_devices xc7z020_1] 0]
create_hw_cfgmem -hw_device [lindex [get_hw_devices xc7z020_1] 0] [lindex [get_cfgmem_parts {28f032m29ewt-nor-x8}] 0]
set_property PROGRAM.BLANK_CHECK  0 [ get_property PROGRAM.HW_CFGMEM [lindex [get_hw_devices xc7z020_1] 0]]
set_property PROGRAM.ERASE  1 [ get_property PROGRAM.HW_CFGMEM [lindex [get_hw_devices xc7z020_1] 0]]
set_property PROGRAM.CFG_PROGRAM  1 [ get_property PROGRAM.HW_CFGMEM [lindex [get_hw_devices xc7z020_1] 0]]
set_property PROGRAM.VERIFY  1 [ get_property PROGRAM.HW_CFGMEM [lindex [get_hw_devices xc7z020_1] 0]]
set_property PROGRAM.CHECKSUM  0 [ get_property PROGRAM.HW_CFGMEM [lindex [get_hw_devices xc7z020_1] 0]]
refresh_hw_device [lindex [get_hw_devices xc7z020_1] 0]
set_property PROBES.FILE {} [get_hw_devices xc7z020_1]
set_property FULL_PROBES.FILE {} [get_hw_devices xc7z020_1]
set_property PROGRAM.FILE {C:/Users/Lenovo/Desktop/zynq7020-image-processing/sobel_03_uart_hdmi/sobel_03_uart_hdmi.runs/impl_1/top.bit} [get_hw_devices xc7z020_1]
program_hw_devices [get_hw_devices xc7z020_1]
refresh_hw_device [lindex [get_hw_devices xc7z020_1] 0]
launch_sdk -workspace C:/Users/Lenovo/Desktop/zynq7020-image-processing/sobel_03_uart_hdmi/sobel_03_uart_hdmi.sdk -hwspec C:/Users/Lenovo/Desktop/zynq7020-image-processing/sobel_03_uart_hdmi/sobel_03_uart_hdmi.sdk/top.hdf
reset_run impl_1 -prev_step 
launch_runs impl_1 -to_step write_bitstream -jobs 6
wait_on_run impl_1
set_property PROBES.FILE {} [get_hw_devices xc7z020_1]
set_property FULL_PROBES.FILE {} [get_hw_devices xc7z020_1]
set_property PROGRAM.FILE {C:/Users/Lenovo/Desktop/zynq7020-image-processing/sobel_03_uart_hdmi/sobel_03_uart_hdmi.runs/impl_1/top.bit} [get_hw_devices xc7z020_1]
program_hw_devices [get_hw_devices xc7z020_1]
refresh_hw_device [lindex [get_hw_devices xc7z020_1] 0]
launch_sdk -workspace C:/Users/Lenovo/Desktop/zynq7020-image-processing/sobel_03_uart_hdmi/sobel_03_uart_hdmi.sdk -hwspec C:/Users/Lenovo/Desktop/zynq7020-image-processing/sobel_03_uart_hdmi/sobel_03_uart_hdmi.sdk/top.hdf
